// Jest Snapshot v1, https://goo.gl/fbAQLP

exports[`correct constructions should work (type) should match snapshot 1`] = `"void"`;

exports[`correct constructions should work (type) should match snapshot 2`] = `"void"`;

exports[`should not allow empty calls (type) should match snapshot 1`] = `"Expected 2 arguments, but got 0."`;

exports[`won't compile if output of controller is wrong (type) should match snapshot 1`] = `
"Type '() => Promise<Either<IOError<never>, { body: { crayons: number[]; }; statusCode: number; }>>' is not assignable to type 'TaskEither<IOError<never>, HTTPResponse<{ crayons: string[]; }>>'.
  Type 'Promise<Either<IOError<never>, { body: { crayons: number[]; }; statusCode: number; }>>' is not assignable to type 'Promise<Either<IOError<never>, HTTPResponse<{ crayons: string[]; }>>>'.
    Type 'Either<IOError<never>, { body: { crayons: number[]; }; statusCode: number; }>' is not assignable to type 'Either<IOError<never>, HTTPResponse<{ crayons: string[]; }>>'.
      Type 'Right<{ body: { crayons: number[]; }; statusCode: number; }>' is not assignable to type 'Either<IOError<never>, HTTPResponse<{ crayons: string[]; }>>'.
        Type 'Right<{ body: { crayons: number[]; }; statusCode: number; }>' is not assignable to type 'Right<HTTPResponse<{ crayons: string[]; }>>'.
          Type '{ body: { crayons: number[]; }; statusCode: number; }' is not assignable to type 'HTTPResponse<{ crayons: string[]; }>'.
            The types of 'body.crayons' are incompatible between these types.
              Type 'number[]' is not assignable to type 'string[]'.
                Type 'number' is not assignable to type 'string'."
`;

exports[`won't compile if trying to access non defined body (type) should match snapshot 1`] = `"Property 'foo' does not exist on type 'undefined'."`;

exports[`won't compile if trying to access non existent param (type) should match snapshot 1`] = `"Property 'bar' does not exist on type '{ id: string; }'."`;

exports[`you can return a well formatted error (type) should match snapshot 1`] = `"<E = never, A = never>(e: E) => Either<E, A>"`;

exports[`you cannot return a badly formatted error (type) should match snapshot 1`] = `
"Type '() => Promise<Either<{ foo: string; }, HTTPResponse<{ crayons: string[]; }>>>' is not assignable to type 'TaskEither<IOError<{ 404: TypeC<{ error: StringC; }>; 401: TypeC<{ baz: StringC; }>; }>, HTTPResponse<{ crayons: string[]; }>>'.
  Type 'Promise<Either<{ foo: string; }, HTTPResponse<{ crayons: string[]; }>>>' is not assignable to type 'Promise<Either<IOError<{ 404: TypeC<{ error: StringC; }>; 401: TypeC<{ baz: StringC; }>; }>, HTTPResponse<{ crayons: string[]; }>>>'.
    Type 'Either<{ foo: string; }, HTTPResponse<{ crayons: string[]; }>>' is not assignable to type 'Either<IOError<{ 404: TypeC<{ error: StringC; }>; 401: TypeC<{ baz: StringC; }>; }>, HTTPResponse<{ crayons: string[]; }>>'.
      Type 'Left<{ foo: string; }>' is not assignable to type 'Either<IOError<{ 404: TypeC<{ error: StringC; }>; 401: TypeC<{ baz: StringC; }>; }>, HTTPResponse<{ crayons: string[]; }>>'.
        Type 'Left<{ foo: string; }>' is not assignable to type 'Left<IOError<{ 404: TypeC<{ error: StringC; }>; 401: TypeC<{ baz: StringC; }>; }>>'.
          Type '{ foo: string; }' is missing the following properties from type 'IOError<{ 404: TypeC<{ error: StringC; }>; 401: TypeC<{ baz: StringC; }>; }>': details, status, name, message"
`;

exports[`you cannot return a badly formatted error (type) should match snapshot 2`] = `"Object literal may only specify known properties, and 'error' does not exist in type '{ kind: "KnownError"; status: 404; body: { error: string; }; } | { kind: "KnownError"; status: 401; body: { baz: string; }; }'."`;

exports[`you cannot return a badly formatted error (type) should match snapshot 3`] = `"Object literal may only specify known properties, and 'error' does not exist in type '{ baz: string; }'."`;

exports[`you cannot return a badly formatted error with a different error builder (type) should match snapshot 1`] = `
"Type '() => Promise<Either<O.Option<{ kind: string; status: number; body: { error: string; }; }>, HTTPResponse<{ crayons: string[]; }>>>' is not assignable to type 'TaskEither<Option<{ 404: TypeC<{ error: StringC; }>; 401: TypeC<{ baz: StringC; }>; }>, HTTPResponse<{ crayons: string[]; }>>'.
  Type 'Promise<Either<Option<{ kind: string; status: number; body: { error: string; }; }>, HTTPResponse<{ crayons: string[]; }>>>' is not assignable to type 'Promise<Either<Option<{ 404: TypeC<{ error: StringC; }>; 401: TypeC<{ baz: StringC; }>; }>, HTTPResponse<{ crayons: string[]; }>>>'.
    Type 'Either<Option<{ kind: string; status: number; body: { error: string; }; }>, HTTPResponse<{ crayons: string[]; }>>' is not assignable to type 'Either<Option<{ 404: TypeC<{ error: StringC; }>; 401: TypeC<{ baz: StringC; }>; }>, HTTPResponse<{ crayons: string[]; }>>'.
      Type 'Left<Option<{ kind: string; status: number; body: { error: string; }; }>>' is not assignable to type 'Either<Option<{ 404: TypeC<{ error: StringC; }>; 401: TypeC<{ baz: StringC; }>; }>, HTTPResponse<{ crayons: string[]; }>>'.
        Type 'Left<Option<{ kind: string; status: number; body: { error: string; }; }>>' is not assignable to type 'Left<Option<{ 404: TypeC<{ error: StringC; }>; 401: TypeC<{ baz: StringC; }>; }>>'.
          Type 'Option<{ kind: string; status: number; body: { error: string; }; }>' is not assignable to type 'Option<{ 404: TypeC<{ error: StringC; }>; 401: TypeC<{ baz: StringC; }>; }>'.
            Type 'Some<{ kind: string; status: number; body: { error: string; }; }>' is not assignable to type 'Option<{ 404: TypeC<{ error: StringC; }>; 401: TypeC<{ baz: StringC; }>; }>'.
              Type 'Some<{ kind: string; status: number; body: { error: string; }; }>' is not assignable to type 'Some<{ 404: TypeC<{ error: StringC; }>; 401: TypeC<{ baz: StringC; }>; }>'.
                Type '{ kind: string; status: number; body: { error: string; }; }' is missing the following properties from type '{ 404: TypeC<{ error: StringC; }>; 401: TypeC<{ baz: StringC; }>; }': 404, 401"
`;
