// Jest Snapshot v1, https://goo.gl/fbAQLP

exports[`should not allow call with empty params (type) should match snapshot 1`] = `
"Argument of type '{}' is not assignable to parameter of type 'Omit<GetListParams, "filter"> & { filter: Partial<{ _start?: number; _end?: number; ids?: string[]; }>; }'.
  Type '{}' is missing the following properties from type 'Omit<GetListParams, "filter">': pagination, sort"
`;

exports[`should not allow params with wrong type (type) should match snapshot 1`] = `"Type 'number' is not assignable to type 'string'."`;
